S C:\Users\MM_SD\Downloads\DEPLOYMENT FOLDER> npm install

added 2 packages, and audited 490 packages in 13s

58 packages are looking for funding
  run `npm fund` for details

5 moderate severity vulnerabilities

To address all issues (including breaking changes), run:
  npm audit fix --force

Run `npm audit` for details.
PS C:\Users\MM_SD\Downloads\DEPLOYMENT FOLDER> npm run db:push

> rest-express@1.0.0 db:push
> drizzle-kit push

No config path provided, using default 'drizzle.config.ts'
Reading config file 'C:\Users\MM_SD\Downloads\DEPLOYMENT FOLDER\drizzle.config.ts'
Using 'pg' driver for database querying
[⣽] Pulling schema from database...
Error: getaddrinfo ENOTFOUND postgres
    at C:\Users\MM_SD\Downloads\DEPLOYMENT FOLDER\node_modules\pg-pool\index.js:45:11
    at process.processTicksAndRejections (node:internal/process/task_queues:103:5)
    at async Object.query (C:\Users\MM_SD\Downloads\DEPLOYMENT FOLDER\node_modules\drizzle-kit\bin.cjs:80622:26)
    at async fromDatabase2 (C:\Users\MM_SD\Downloads\DEPLOYMENT FOLDER\node_modules\drizzle-kit\bin.cjs:19276:25) {
  errno: -3008,
  code: 'ENOTFOUND',
  syscall: 'getaddrinfo',
  hostname: 'postgres'
}
PS C:\Users\MM_SD\Downloads\DEPLOYMENT FOLDER> npm run seed

> rest-express@1.0.0 seed
> tsx server/seed.ts

C:\Users\MM_SD\Downloads\DEPLOYMENT FOLDER\server\db.ts:8
  throw new Error(
        ^

Error: DATABASE_URL must be set. Did you forget to provision a database?
    at <anonymous> (C:\Users\MM_SD\Downloads\DEPLOYMENT FOLDER\server\db.ts:8:9)
    at ModuleJob.run (node:internal/modules/esm/module_job:377:25)
    at async onImport.tracePromise.__proto__ (node:internal/modules/esm/loader:671:26)
    at async asyncRunEntryPointWithESMLoader (node:internal/modules/run_main:101:5)

Node.js v24.11.1
PS C:\Users\MM_SD\Downloads\DEPLOYMENT FOLDER> git pull origin main
From https://github.com/sesi85043/intgrateded
 * branch            main       -> FETCH_HEAD
Already up to date.
PS C:\Users\MM_SD\Downloads\DEPLOYMENT FOLDER> npm install

up to date, audited 490 packages in 10s

58 packages are looking for funding
  run `npm fund` for details

5 moderate severity vulnerabilities

To address all issues (including breaking changes), run:
  npm audit fix --force

Run `npm audit` for details.
PS C:\Users\MM_SD\Downloads\DEPLOYMENT FOLDER> npm run db:push

> rest-express@1.0.0 db:push
> drizzle-kit push

No config path provided, using default 'drizzle.config.ts'
Reading config file 'C:\Users\MM_SD\Downloads\DEPLOYMENT FOLDER\drizzle.config.ts'
Using 'pg' driver for database querying
[⣽] Pulling schema from database...
Error: getaddrinfo ENOTFOUND postgres
    at C:\Users\MM_SD\Downloads\DEPLOYMENT FOLDER\node_modules\pg-pool\index.js:45:11
    at process.processTicksAndRejections (node:internal/process/task_queues:103:5)
    at async Object.query (C:\Users\MM_SD\Downloads\DEPLOYMENT FOLDER\node_modules\drizzle-kit\bin.cjs:80622:26)
    at async fromDatabase2 (C:\Users\MM_SD\Downloads\DEPLOYMENT FOLDER\node_modules\drizzle-kit\bin.cjs:19276:25) {
  errno: -3008,
  code: 'ENOTFOUND',
  syscall: 'getaddrinfo',
  hostname: 'postgres'
}
PS C:\Users\MM_SD\Downloads\DEPLOYMENT FOLDER> npm run seed

> rest-express@1.0.0 seed
> tsx server/seed.ts

C:\Users\MM_SD\Downloads\DEPLOYMENT FOLDER\server\db.ts:8
  throw new Error(
        ^

Error: DATABASE_URL must be set. Did you forget to provision a database?
    at <anonymous> (C:\Users\MM_SD\Downloads\DEPLOYMENT FOLDER\server\db.ts:8:9)
    at ModuleJob.run (node:internal/modules/esm/module_job:377:25)
    at async onImport.tracePromise.__proto__ (node:internal/modules/esm/loader:671:26)
    at async asyncRunEntryPointWithESMLoader (node:internal/modules/run_main:101:5)

Node.js v24.11.1
PS C:\Users\MM_SD\Downloads\DEPLOYMENT FOLDER> git pull
From https://github.com/sesi85043/intgrateded
 * [new branch]      feature/chatwoot/agents-post -> origin/feature/chatwoot/agents-post
 * [new branch]      fix/login-safety -> origin/fix/login-safety
 * [new branch]      master           -> origin/master
Already up to date.
PS C:\Users\MM_SD\Downloads\DEPLOYMENT FOLDER> git push 
Enumerating objects: 4, done.
Counting objects: 100% (4/4), done.
Delta compression using up to 4 threads
Compressing objects: 100% (2/2), done.
Writing objects: 100% (2/2), 383 bytes | 127.00 KiB/s, done.
Total 2 (delta 1), reused 0 (delta 0), pack-reused 0 (from 0)
remote: Resolving deltas: 100% (1/1), completed with 1 local object.
To https://github.com/sesi85043/intgrateded
   f085252..1a6d5c4  fix/seed-admin-password -> fix/seed-admin-password
PS C:\Users\MM_SD\Downloads\DEPLOYMENT FOLDER> 